// Jest Snapshot v1, https://goo.gl/fbAQLP

exports[`AddOrEditCourseContainer.test.js renders without crashing 1`] = `
<div
  className="container"
>
  <ReduxForm
    authors={Array []}
    handleCancel={[Function]}
    handleSave={[Function]}
    heading="Add"
    initialValues={
      Object {
        "authorId": "",
        "category": "",
        "id": "",
        "length": "",
        "title": "",
        "watchHref": "",
      }
    }
  />
</div>
`;
